
> server@1.0.0 dev
> nodemon --openssl-legacy-provider src/app.js

[33m[nodemon] 3.1.14[39m
[33m[nodemon] to restart at any time, enter `rs`[39m
[33m[nodemon] watching path(s): *.*[39m
[33m[nodemon] watching extensions: js,mjs,cjs,json[39m
[32m[nodemon] starting `node --openssl-legacy-provider src/app.js`[39m
[dotenv@17.3.1] injecting env (3) from .env -- tip: ≡ƒöÉ encrypt with Dotenvx: https://dotenvx.com
node.exe : D:\Antigravity\jewelry-shop\serv
er\node_modules\stripe\cjs\stripe.core.js:1
58
At line:1 char:1
+ & "C:\Program Files\nodejs/node.exe" 
"C:\Program Files\nodejs/node_mo ...
+ ~~~~~~~~~~~~~~~~~~~~~~~~~~~~~~~~~~~~~~~~~
~~~~~~~~~~~~~~~~~~~~~~~~~~~~
    + CategoryInfo          : NotSpecified 
   : (D:\Antigravity\...ipe.core.js:158:S  
  tring) [], RemoteException
    + FullyQualifiedErrorId : NativeComman 
   dError
 
                throw new Error('Neither 
apiKey nor config.authenticator provided');
                ^

Error: Neither apiKey nor 
config.authenticator provided
    at Stripe._setAuthenticator (D:\Antigra
vity\jewelry-shop\server\node_modules\strip
e\cjs\stripe.core.js:158:23)
    at new Stripe (D:\Antigravity\jewelry-s
hop\server\node_modules\stripe\cjs\stripe.c
ore.js:96:14)
    at Stripe (D:\Antigravity\jewelry-shop\
server\node_modules\stripe\cjs\stripe.core.
js:52:20)
    at Object.<anonymous> (D:\Antigravity\j
ewelry-shop\server\src\controllers\paymentC
ontroller.js:1:33)
    at Module._compile 
(node:internal/modules/cjs/loader:1706:14)
    at Object..js 
(node:internal/modules/cjs/loader:1839:10)
    at Module.load 
(node:internal/modules/cjs/loader:1441:32)
    at Function._load 
(node:internal/modules/cjs/loader:1263:12)
    at TracingChannel.traceSync 
(node:diagnostics_channel:322:14)
    at wrapModuleLoad 
(node:internal/modules/cjs/loader:237:24)

Node.js v22.20.0
[31m[nodemon] app crashed - waiting for file changes before starting...[39m
[32m[nodemon] restarting due to changes...[39m
[32m[nodemon] starting `node --openssl-legacy-provider src/app.js`[39m
[dotenv@17.3.1] injecting env (3) from .env -- tip: ΓÜí∩╕Å secrets for agents: https://dotenvx.com/as2
Server running on port 5000
MongoDB Connected: ac-2dkduyg-shard-00-01.8jf7jpe.mongodb.net
[32m[nodemon] restarting due to changes...[39m
[32m[nodemon] starting `node --openssl-legacy-provider src/app.js`[39m
[dotenv@17.3.1] injecting env (3) from .env -- tip: ΓÜÖ∩╕Å  specify custom .env file path with { path: '/custom/path/.env' }
D:\Antigravity\jewelry-shop\server\node_mod
ules\stripe\cjs\stripe.core.js:158
                throw new Error('Neither 
apiKey nor config.authenticator provided');
                ^

Error: Neither apiKey nor 
config.authenticator provided
    at Stripe._setAuthenticator (D:\Antigra
vity\jewelry-shop\server\node_modules\strip
e\cjs\stripe.core.js:158:23)
    at new Stripe (D:\Antigravity\jewelry-s
hop\server\node_modules\stripe\cjs\stripe.c
ore.js:96:14)
    at Stripe (D:\Antigravity\jewelry-shop\
server\node_modules\stripe\cjs\stripe.core.
js:52:20)
    at Object.<anonymous> (D:\Antigravity\j
ewelry-shop\server\src\controllers\paymentC
ontroller.js:1:33)
    at Module._compile 
(node:internal/modules/cjs/loader:1706:14)
    at Object..js 
(node:internal/modules/cjs/loader:1839:10)
    at Module.load 
(node:internal/modules/cjs/loader:1441:32)
    at Function._load 
(node:internal/modules/cjs/loader:1263:12)
    at TracingChannel.traceSync 
(node:diagnostics_channel:322:14)
    at wrapModuleLoad 
(node:internal/modules/cjs/loader:237:24)

Node.js v22.20.0
[31m[nodemon] app crashed - waiting for file changes before starting...[39m
